exports[`ConfirmInfoExpandableRow should match snapshot 1`] = `
<div>
  <div
    class="mm-box confirm-info-row mm-box--margin-top-2 mm-box--margin-bottom-2 mm-box--padding-right-2 mm-box--padding-left-2 mm-box--display-flex mm-box--flex-direction-row mm-box--flex-wrap-wrap mm-box--justify-content-space-between mm-box--align-items-flex-start mm-box--color-text-default mm-box--rounded-lg"
    style="overflow-wrap:anywhere;min-height:24px;position:relative;"
  >
    <div
      class="mm-box mm-box--display-flex mm-box--flex-direction-row mm-box--justify-content-center mm-box--align-items-flex-start"
    >
      <div
        class="mm-box mm-box--display-flex mm-box--align-items-center"
      >
        <p
          class="mm-text md-body-mm text-inherit"
        >
          Expandable Row
        </p>
      </div>
    </div>
    <div
      class="mm-box flex-display"
    >
      <button
        aria-label="expand"
        class="mm-button-icon sm expandIcon ml-1 flex-inline justify-center align-center color-primary bg-transparent rounded-lg"
      >
        <span
          class="mm-icon sm inline-block color-inherit"
          style="mask-image:url('./images/icons/arrow-down.svg');"
        />
      </button>
      Expandable Value
    </div>
  </div>
  <div
    class="mm-expandable box-zero-height" 
  >
    <div style="-mt-8">
       Hidden Content 
     </div>  
   </div>  
</div>`;
